// Jest Snapshot v1, https://goo.gl/fbAQLP

exports[`renders correctly 1`] = `
<div
  className="MuiStack-root css-1xcvc1q-MuiStack-root"
>
  <div
    className="activity-box-idle MuiBox-root css-b7rhyr"
  />
  <div
    className="activity-box-idle MuiBox-root css-b7rhyr"
  />
  <div
    className="activity-box-idle MuiBox-root css-b7rhyr"
  />
  <div
    className="activity-box-idle MuiBox-root css-b7rhyr"
  />
  <div
    className="activity-box-idle MuiBox-root css-b7rhyr"
  />
  <div
    className="activity-box-idle MuiBox-root css-b7rhyr"
  />
  <div
    className="activity-box-idle MuiBox-root css-b7rhyr"
  />
</div>
`;
